$ vitest run -c vitest.db.config.ts -- tests/db/lead-conversion.test.ts
(!) Your Vite config uses features that are unsupported by `configLoader: 'native'`, which is planned to become the default in a future major version of Vite:
  - ESM syntax in a file loaded as CommonJS (vitest.db.config.ts:1:1). Use a `.mjs` extension or set `"type": "module"` in the closest package.json
Set `VITE_CONFIG_NATIVE_IGNORE_WARNING=true` to suppress this warning.

 RUN  v5.0.1 /Users/aurimar.nogueira@latam.com/projetos/listaescolar-wt/T3-comercio

Stopped services: [supabase_imgproxy_listacerta-t3 supabase_pg_meta_listacerta-t3 supabase_studio_listacerta-t3 supabase_edge_runtime_listacerta-t3 supabase_analytics_listacerta-t3 supabase_vector_listacerta-t3 supabase_pooler_listacerta-t3]
Stopped services: [supabase_imgproxy_listacerta-t3 supabase_pg_meta_listacerta-t3 supabase_studio_listacerta-t3 supabase_edge_runtime_listacerta-t3 supabase_analytics_listacerta-t3 supabase_vector_listacerta-t3 supabase_pooler_listacerta-t3]
Stopped services: [supabase_imgproxy_listacerta-t3 supabase_pg_meta_listacerta-t3 supabase_studio_listacerta-t3 supabase_edge_runtime_listacerta-t3 supabase_analytics_listacerta-t3 supabase_vector_listacerta-t3 supabase_pooler_listacerta-t3]
Stopped services: [supabase_imgproxy_listacerta-t3 supabase_pg_meta_listacerta-t3 supabase_studio_listacerta-t3 supabase_edge_runtime_listacerta-t3 supabase_analytics_listacerta-t3 supabase_vector_listacerta-t3 supabase_pooler_listacerta-t3]
Stopped services: [supabase_imgproxy_listacerta-t3 supabase_pg_meta_listacerta-t3 supabase_studio_listacerta-t3 supabase_edge_runtime_listacerta-t3 supabase_analytics_listacerta-t3 supabase_vector_listacerta-t3 supabase_pooler_listacerta-t3]
Stopped services: [supabase_imgproxy_listacerta-t3 supabase_pg_meta_listacerta-t3 supabase_studio_listacerta-t3 supabase_edge_runtime_listacerta-t3 supabase_analytics_listacerta-t3 supabase_vector_listacerta-t3 supabase_pooler_listacerta-t3]
Stopped services: [supabase_imgproxy_listacerta-t3 supabase_pg_meta_listacerta-t3 supabase_studio_listacerta-t3 supabase_edge_runtime_listacerta-t3 supabase_analytics_listacerta-t3 supabase_vector_listacerta-t3 supabase_pooler_listacerta-t3]
Stopped services: [supabase_imgproxy_listacerta-t3 supabase_pg_meta_listacerta-t3 supabase_studio_listacerta-t3 supabase_edge_runtime_listacerta-t3 supabase_analytics_listacerta-t3 supabase_vector_listacerta-t3 supabase_pooler_listacerta-t3]
Stopped services: [supabase_imgproxy_listacerta-t3 supabase_pg_meta_listacerta-t3 supabase_studio_listacerta-t3 supabase_edge_runtime_listacerta-t3 supabase_analytics_listacerta-t3 supabase_vector_listacerta-t3 supabase_pooler_listacerta-t3]
Stopped services: [supabase_imgproxy_listacerta-t3 supabase_pg_meta_listacerta-t3 supabase_studio_listacerta-t3 supabase_edge_runtime_listacerta-t3 supabase_analytics_listacerta-t3 supabase_vector_listacerta-t3 supabase_pooler_listacerta-t3]
Stopped services: [supabase_imgproxy_listacerta-t3 supabase_pg_meta_listacerta-t3 supabase_studio_listacerta-t3 supabase_edge_runtime_listacerta-t3 supabase_analytics_listacerta-t3 supabase_vector_listacerta-t3 supabase_pooler_listacerta-t3]
Stopped services: [supabase_imgproxy_listacerta-t3 supabase_pg_meta_listacerta-t3 supabase_studio_listacerta-t3 supabase_edge_runtime_listacerta-t3 supabase_analytics_listacerta-t3 supabase_vector_listacerta-t3 supabase_pooler_listacerta-t3]
Stopped services: [supabase_imgproxy_listacerta-t3 supabase_pg_meta_listacerta-t3 supabase_studio_listacerta-t3 supabase_edge_runtime_listacerta-t3 supabase_analytics_listacerta-t3 supabase_vector_listacerta-t3 supabase_pooler_listacerta-t3]
(node:90453) DeprecationWarning: Calling client.query() when the client is already executing a query is deprecated and will be removed in pg@9.0. Use async/await or an external async flow control mechanism instead.
(Use `node --trace-deprecation ...` to show where the warning was created)
 ❯ tests/db/lead-conversion.test.ts (16 tests | 2 failed) 452ms
   ❯ S22 · confirmação, avaliação e contestação de lead (16)
     ❯ lead_conversion_signals · regra 2 de 3 (2)
       × 0 sinal -> não confirmado; 1 sinal (só a papelaria) -> ainda não confirmado; 2 sinais -> confirmado; pix sempre ausente 25ms
     ❯ lead_dispute_resolve · estorno idempotente no razão (3)
       × lead demo (sem lançamento a estornar) -> aceita sem erro, reversed_entry_id nulo 30ms
 ❯ tests/db/billing-ledger.test.ts (6 tests | 1 failed) 292ms
   ❯ S21 · credit_ledger: sinais, imutabilidade, estorno e invariante (6)
     × imutável: update/delete/truncate falham para service_role, dono e com replica; gatilhos enable always 34ms
Stopped services: [supabase_imgproxy_listacerta-t3 supabase_pg_meta_listacerta-t3 supabase_studio_listacerta-t3 supabase_edge_runtime_listacerta-t3 supabase_analytics_listacerta-t3 supabase_vector_listacerta-t3 supabase_pooler_listacerta-t3]

⎯⎯⎯⎯⎯⎯⎯ Failed Tests 3 ⎯⎯⎯⎯⎯⎯⎯

 FAIL  tests/db/billing-ledger.test.ts > S21 · credit_ledger: sinais, imutabilidade, estorno e invariante > imutável: update/delete/truncate falham para service_role, dono e com replica; gatilhos enable always
AssertionError: expected '0A000' to be '42501' // Object.is equality

Expected: "42501"
Received: "0A000"

 ❯ tests/db/billing-ledger.test.ts:79:74
     77|         expect((await attempt(c, "update public.credit_ledger set upda…
     78|         expect((await attempt(c, "delete from public.credit_ledger whe…
     79|         expect((await attempt(c, "truncate public.credit_ledger")).cod…
       |                                                                          ^
     80|         // replica (como usam as limpezas de teste): continua bloqueado
     81|         await c.query("set local session_replication_role = replica");
 ❯ withSuperuser tests/db/helpers.ts:62:12
 ❯ tests/db/billing-ledger.test.ts:62:5

⎯⎯⎯⎯⎯⎯⎯⎯⎯⎯⎯⎯⎯⎯⎯⎯⎯⎯⎯⎯⎯⎯⎯⎯[1/3]⎯

 FAIL  tests/db/lead-conversion.test.ts > S22 · confirmação, avaliação e contestação de lead > lead_conversion_signals · regra 2 de 3 > 0 sinal -> não confirmado; 1 sinal (só a papelaria) -> ainda não confirmado; 2 sinais -> confirmado; pix sempre ausente
error: permission denied for table leads
 ❯ node_modules/.pnpm/pg@8.23.0/node_modules/pg/lib/client.js:694:17
 ❯ tests/db/lead-conversion.test.ts:156:9
    154|         expect(s).toMatchObject({ stationery_confirmed: false, parent_…
    155|
    156|         await c.query("update public.leads set status = 'converted' wh…
       |         ^
    157|         s = await signals(c, lead.id);
    158|         expect(s).toMatchObject({ stationery_confirmed: true, parent_c…
 ❯ tests/db/helpers.ts:89:14
 ❯ withSuperuser tests/db/helpers.ts:62:12
 ❯ tests/db/lead-conversion.test.ts:149:7

⎯⎯⎯⎯⎯⎯⎯⎯⎯⎯⎯⎯⎯⎯⎯⎯⎯⎯⎯⎯⎯⎯⎯⎯[2/3]⎯

 FAIL  tests/db/lead-conversion.test.ts > S22 · confirmação, avaliação e contestação de lead > lead_dispute_resolve · estorno idempotente no razão > lead demo (sem lançamento a estornar) -> aceita sem erro, reversed_entry_id nulo
AssertionError: expected 'lead_disputes é imutável (só a transi…' to be null

- Expected:
null

+ Received:
"lead_disputes é imutável (só a transição open -> accepted|rejected, pela função lead_dispute_resolve)"

 ❯ tests/db/lead-conversion.test.ts:316:32
    314|         const disputeId = dispute.rows[0]!.id as string;
    315|         const resolved = await resolveDispute(c, { dispute: disputeId,…
    316|         expect(resolved.error).toBeNull();
       |                                ^
    317|         const row = await c.query("select status, reversed_entry_id fr…
    318|         expect(row.rows[0]).toEqual({ status: "accepted", reversed_ent…
 ❯ tests/db/helpers.ts:89:14
 ❯ withSuperuser tests/db/helpers.ts:62:12
 ❯ tests/db/lead-conversion.test.ts:310:7

⎯⎯⎯⎯⎯⎯⎯⎯⎯⎯⎯⎯⎯⎯⎯⎯⎯⎯⎯⎯⎯⎯⎯⎯[3/3]⎯


 Test Files  2 failed | 64 passed | 1 skipped (67)
      Tests  3 failed | 1552 passed | 3 skipped (1558)
   Start at  19:37:31
   Duration  86.95s (tests 93%, import 6%, transform 1%)

[ELIFECYCLE] Command failed with exit code 1.
